
> userservices@1.0.0 dev
> nodemon --legacy-watch --watch src --ext ts --exec ts-node src/index.ts

[33m[nodemon] 3.1.11[39m
[33m[nodemon] to restart at any time, enter `rs`[39m
[33m[nodemon] watching path(s): src\**\*[39m
[33m[nodemon] watching extensions: ts[39m
[32m[nodemon] starting `ts-node src/index.ts`[39m
C:\Users\latho\Documents\Repos\MiniSupermarket\be-e.commerce\services\userServices\node_modules\ts-node\src\index.ts:859
    return new TSError(diagnosticText, diagnosticCodes, diagnostics);
           ^
TSError: ⨯ Unable to compile TypeScript:
src/index.ts(5,27): error TS2307: Cannot find module '@hono/swagger-ui' or its corresponding type declarations.

    at createTSError (C:\Users\latho\Documents\Repos\MiniSupermarket\be-e.commerce\services\userServices\node_modules\ts-node\src\index.ts:859:12)
    at reportTSError (C:\Users\latho\Documents\Repos\MiniSupermarket\be-e.commerce\services\userServices\node_modules\ts-node\src\index.ts:863:19)
    at getOutput (C:\Users\latho\Documents\Repos\MiniSupermarket\be-e.commerce\services\userServices\node_modules\ts-node\src\index.ts:1077:36)
    at Object.compile (C:\Users\latho\Documents\Repos\MiniSupermarket\be-e.commerce\services\userServices\node_modules\ts-node\src\index.ts:1433:41)
    at Module.m._compile (C:\Users\latho\Documents\Repos\MiniSupermarket\be-e.commerce\services\userServices\node_modules\ts-node\src\index.ts:1617:30)
    at node:internal/modules/cjs/loader:1961:10
    at Object.require.extensions.<computed> [as .ts] (C:\Users\latho\Documents\Repos\MiniSupermarket\be-e.commerce\services\userServices\node_modules\ts-node\src\index.ts:1621:12)
    at Module.load (node:internal/modules/cjs/loader:1553:32)
    at Module._load (node:internal/modules/cjs/loader:1355:12)
    at wrapModuleLoad (node:internal/modules/cjs/loader:255:19) {
  diagnosticCodes: [ 2307 ]
}
[31m[nodemon] app crashed - waiting for file changes before starting...[39m
[32m[nodemon] restarting due to changes...[39m
[32m[nodemon] starting `ts-node src/index.ts`[39m
C:\Users\latho\Documents\Repos\MiniSupermarket\be-e.commerce\services\userServices\node_modules\ts-node\src\index.ts:859
    return new TSError(diagnosticText, diagnosticCodes, diagnostics);
           ^
TSError: ⨯ Unable to compile TypeScript:
src/index.ts(22,40): error TS2304: Cannot find name 'openapiSpec'.
src/index.ts(23,18): error TS2304: Cannot find name 'swaggerUI'.

    at createTSError (C:\Users\latho\Documents\Repos\MiniSupermarket\be-e.commerce\services\userServices\node_modules\ts-node\src\index.ts:859:12)
    at reportTSError (C:\Users\latho\Documents\Repos\MiniSupermarket\be-e.commerce\services\userServices\node_modules\ts-node\src\index.ts:863:19)
    at getOutput (C:\Users\latho\Documents\Repos\MiniSupermarket\be-e.commerce\services\userServices\node_modules\ts-node\src\index.ts:1077:36)
    at Object.compile (C:\Users\latho\Documents\Repos\MiniSupermarket\be-e.commerce\services\userServices\node_modules\ts-node\src\index.ts:1433:41)
    at Module.m._compile (C:\Users\latho\Documents\Repos\MiniSupermarket\be-e.commerce\services\userServices\node_modules\ts-node\src\index.ts:1617:30)
    at node:internal/modules/cjs/loader:1961:10
    at Object.require.extensions.<computed> [as .ts] (C:\Users\latho\Documents\Repos\MiniSupermarket\be-e.commerce\services\userServices\node_modules\ts-node\src\index.ts:1621:12)
    at Module.load (node:internal/modules/cjs/loader:1553:32)
    at Module._load (node:internal/modules/cjs/loader:1355:12)
    at wrapModuleLoad (node:internal/modules/cjs/loader:255:19) {
  diagnosticCodes: [ 2304, 2304 ]
}
[31m[nodemon] app crashed - waiting for file changes before starting...[39m
[32m[nodemon] restarting due to changes...[39m
[32m[nodemon] starting `ts-node src/index.ts`[39m
Connected to MongoDB
User service is running on http://localhost:3001
Error: listen EADDRINUSE: address already in use :::3001
    at Server.setupListenHandle [as _listen2] (node:net:2008:16)
    at listenInCluster (node:net:2065:12)
    at Server.listen (node:net:2170:7)
    at serve (C:\Users\latho\Documents\Repos\MiniSupermarket\be-e.commerce\services\userServices\node_modules\@hono\node-server\dist\index.js:601:10)
    at C:\Users\latho\Documents\Repos\MiniSupermarket\be-e.commerce\services\userServices\src\index.ts:34:8
    at processTicksAndRejections (node:internal/process/task_queues:104:5) {
  code: 'EADDRINUSE',
  errno: -4091,
  syscall: 'listen',
  address: '::',
  port: 3001
}
[31m[nodemon] app crashed - waiting for file changes before starting...[39m
[32m[nodemon] restarting due to changes...[39m
[32m[nodemon] starting `ts-node src/index.ts`[39m
Connected to MongoDB
User service is running on http://localhost:3001
[32m[nodemon] restarting due to changes...[39m
[32m[nodemon] starting `ts-node src/index.ts`[39m
Connected to MongoDB
User service is running on http://localhost:3001
Error: listen EADDRINUSE: address already in use :::3001
    at Server.setupListenHandle [as _listen2] (node:net:2008:16)
    at listenInCluster (node:net:2065:12)
    at Server.listen (node:net:2170:7)
    at serve (C:\Users\latho\Documents\Repos\MiniSupermarket\be-e.commerce\services\userServices\node_modules\@hono\node-server\dist\index.js:601:10)
    at C:\Users\latho\Documents\Repos\MiniSupermarket\be-e.commerce\services\userServices\src\index.ts:34:8
    at processTicksAndRejections (node:internal/process/task_queues:104:5) {
  code: 'EADDRINUSE',
  errno: -4091,
  syscall: 'listen',
  address: '::',
  port: 3001
}
[31m[nodemon] app crashed - waiting for file changes before starting...[39m
[32m[nodemon] restarting due to changes...[39m
[32m[nodemon] starting `ts-node src/index.ts`[39m
Connected to MongoDB
User service is running on http://localhost:3001
Error: listen EADDRINUSE: address already in use :::3001
    at Server.setupListenHandle [as _listen2] (node:net:2008:16)
    at listenInCluster (node:net:2065:12)
    at Server.listen (node:net:2170:7)
    at serve (C:\Users\latho\Documents\Repos\MiniSupermarket\be-e.commerce\services\userServices\node_modules\@hono\node-server\dist\index.js:601:10)
    at C:\Users\latho\Documents\Repos\MiniSupermarket\be-e.commerce\services\userServices\src\index.ts:34:8
    at processTicksAndRejections (node:internal/process/task_queues:104:5) {
  code: 'EADDRINUSE',
  errno: -4091,
  syscall: 'listen',
  address: '::',
  port: 3001
}
[31m[nodemon] app crashed - waiting for file changes before starting...[39m
